D:\ra175-2016\lab3\vezba3\implementation\vezba3.ngc 1552991613
D:/ra175-2016/lab3/vezba3/implementation/vezba3_dip_switches_wrapper.ngc 1552991587
D:/ra175-2016/lab3/vezba3/implementation/vezba3_rs232_wrapper.ngc 1552991572
D:/ra175-2016/lab3/vezba3/implementation/vezba3_proc_sys_reset_0_wrapper.ngc 1552991497
D:/ra175-2016/lab3/vezba3/implementation/vezba3_clock_generator_0_wrapper.ngc 1552991598
D:/ra175-2016/lab3/vezba3/implementation/vezba3_microblaze_0_ilmb_wrapper.ngc 1552991590
D:/ra175-2016/lab3/vezba3/implementation/vezba3_microblaze_0_dlmb_wrapper.ngc 1552991593
D:/ra175-2016/lab3/vezba3/implementation/vezba3_axi4lite_0_wrapper.ngc 1552991601
D:/ra175-2016/lab3/vezba3/implementation/vezba3_microblaze_0_wrapper.ngc 1552991596
D:/ra175-2016/lab3/vezba3/implementation/vezba3_microblaze_0_i_bram_ctrl_wrapper.ngc 1552991506
D:/ra175-2016/lab3/vezba3/implementation/vezba3_microblaze_0_d_bram_ctrl_wrapper.ngc 1552991516
D:/ra175-2016/lab3/vezba3/implementation/vezba3_debug_module_wrapper.ngc 1552991553
D:/ra175-2016/lab3/vezba3/implementation/vezba3_leds_wrapper.ngc 1552991580
D:/ra175-2016/lab3/vezba3/implementation/vezba3_microblaze_0_bram_block_wrapper.ngc 1552991521
OK
